[ceezee.io/index.html]
[backblue.gif]
[fade.gif]
[index.html]
[ceezee.io/img/meta-img.jpg]
[ceezee.io/img/favicon.png]
[ceezee.io/css/app.css]
[rsms.me/inter/inter.css]
[kit.fontawesome.com/82f6132430.js]
[cdn.jsdelivr.net/npm/js-cookie@rc/dist/js.cookie.min.js]
[cdn.jsdelivr.net/gh/alpinejs/alpine@v2.8.1/dist/alpine.min.js]
[ceezee.io/img/logo.png]
[ceezee.io/nft.html]
[ceezee.io/staking.html]
[ceezee.io/bets.html]
[ceezee.io/launchpad.html]
[ceezee.io/zone.html]
[ceezee.io/files/safu_light_paper.pdf]
[ceezee.io/rcs.html]
[ceezee.io/img/partners/1.png]
[ceezee.io/img/partners/2.png]
[ceezee.io/files/coin/index.html]
[ceezee.io/index.html]
[ceezee.io/js/app.js]
[ceezee.io/img/coin/coin_front.png]
[ceezee.io/img/coin/coin_back.png]
[ceezee.io/css/app.css]
[rsms.me/inter/font-files/Inter-Thin32a8.woff2]
[rsms.me/inter/font-files/Inter-Thin32a8.woff]
[rsms.me/inter/font-files/Inter-ThinItalic32a8.woff2]
[rsms.me/inter/font-files/Inter-ThinItalic32a8.woff]
[rsms.me/inter/font-files/Inter-ExtraLight32a8.woff2]
[rsms.me/inter/font-files/Inter-ExtraLight32a8.woff]
[rsms.me/inter/font-files/Inter-ExtraLightItalic32a8.woff2]
[rsms.me/inter/font-files/Inter-ExtraLightItalic32a8.woff]
[rsms.me/inter/font-files/Inter-Light32a8.woff2]
[rsms.me/inter/font-files/Inter-Light32a8.woff]
[rsms.me/inter/font-files/Inter-LightItalic32a8.woff2]
[rsms.me/inter/font-files/Inter-LightItalic32a8.woff]
[rsms.me/inter/font-files/Inter-Regular32a8.woff2]
[rsms.me/inter/font-files/Inter-Regular32a8.woff]
[rsms.me/inter/font-files/Inter-Italic32a8.woff2]
[rsms.me/inter/font-files/Inter-Italic32a8.woff]
[rsms.me/inter/font-files/Inter-Medium32a8.woff2]
[rsms.me/inter/font-files/Inter-Medium32a8.woff]
[rsms.me/inter/font-files/Inter-MediumItalic32a8.woff2]
[rsms.me/inter/font-files/Inter-MediumItalic32a8.woff]
[rsms.me/inter/font-files/Inter-SemiBold32a8.woff2]
[rsms.me/inter/font-files/Inter-SemiBold32a8.woff]
[rsms.me/inter/font-files/Inter-SemiBoldItalic32a8.woff2]
[rsms.me/inter/font-files/Inter-SemiBoldItalic32a8.woff]
[rsms.me/inter/font-files/Inter-Bold32a8.woff2]
[rsms.me/inter/font-files/Inter-Bold32a8.woff]
[rsms.me/inter/font-files/Inter-BoldItalic32a8.woff2]
[rsms.me/inter/font-files/Inter-BoldItalic32a8.woff]
[rsms.me/inter/font-files/Inter-ExtraBold32a8.woff2]
[rsms.me/inter/font-files/Inter-ExtraBold32a8.woff]
[rsms.me/inter/font-files/Inter-ExtraBoldItalic32a8.woff2]
[rsms.me/inter/font-files/Inter-ExtraBoldItalic32a8.woff]
[rsms.me/inter/font-files/Inter-Black32a8.woff2]
[rsms.me/inter/font-files/Inter-Black32a8.woff]
[rsms.me/inter/font-files/Inter-BlackItalic32a8.woff2]
[rsms.me/inter/font-files/Inter-BlackItalic32a8.woff]
[rsms.me/inter/font-files/Inter-roman.var32a8.woff2]
[rsms.me/inter/font-files/Inter-italic.var32a8.woff2]
[rsms.me/inter/font-files/Inter.var32a8.woff2]
[rsms.me/inter/inter.css]
[ceezee.io/nft.html]
[ceezee.io/staking.html]
[ceezee.io/bets.html]
[ceezee.io/launchpad.html]
[ceezee.io/zone.html]
[ceezee.io/rcs.html]
[ceezee.io/files/coin/index.html]
